============================= test session starts =============================
platform win32 -- Python 3.14.6, pytest-9.1.1, pluggy-1.6.0
rootdir: D:\aland\Documents\Proyectos\Nexus\backend
plugins: anyio-4.14.1, asyncio-1.4.0
asyncio: mode=Mode.STRICT, debug=False, asyncio_default_fixture_loop_scope=None, asyncio_default_test_loop_scope=function
collected 2 items

app\tests\test_sales.py FF                                               [100%]

================================== FAILURES ===================================
__________________ test_full_sale_lifecycle_and_commissions ___________________

    async def test_full_sale_lifecycle_and_commissions():
        """Prueba el ciclo de vida completo de una venta, la reserva/salida de stock y comisiones del vendedor."""
        tenant_id, seller_id, prod_id, warehouse_id = await setup_sales_test_data()
        await clean_sales(tenant_id)
    
        token = create_access_token(subject=seller_id)
        headers = {"Authorization": f"Bearer {token}"}
    
        async with AsyncClient(transport=ASGITransport(app=app), base_url="http://test") as ac:
    
            # 1. Crear una Venta en estado DRAFT de 2 Harinas (Costo 1$, Venta 2$)
            create_res = await ac.post(
                "/api/v1/sales",
                headers=headers,
                json={
                    "seller_id": str(seller_id),
                    "items": [
                        {
                            "product_id": str(prod_id),
                            "quantity": 2,
                            "unit_price_usd": 2.00
                        }
                    ]
                }
            )
            assert create_res.status_code == 201
            sale_data = create_res.json()
            sale_id = sale_data["id"]
    
            assert sale_data["status"] == "DRAFT"
            assert float(sale_data["total_usd"]) == 4.00
            # Se congela la tasa de cambio del inquilino (40.00)
            assert float(sale_data["exchange_rate_applied"]) == 40.00
    
            # Verificar que el stock siga en disponible 50
            async with SuperuserSessionLocal() as session:
                await session.execute(text("SELECT set_config('app.current_tenant', '', false)"))
                inv = (await session.execute(select(Inventory).where(Inventory.product_id == prod_id))).scalars().first()
                assert inv.stock_available == Decimal("50.00")
                assert inv.stock_reserved == Decimal("0.00")
    
            # 2. Transicionar DRAFT -> PENDING_PAYMENT (Debe reservar 2 unidades en stock)
>           trans_1 = await ac.post(
                f"/api/v1/sales/{sale_id}/transition",
                headers=headers,
                json={"new_status": "PENDING_PAYMENT"}
            )

app\tests\test_sales.py:189: 
_ _ _ _ _ _ _ _ _ _ _ _ _ _ _ _ _ _ _ _ _ _ _ _ _ _ _ _ _ _ _ _ _ _ _ _ _ _ _ _
.venv\Lib\site-packages\httpx\_client.py:1859: in post
    return await self.request(
.venv\Lib\site-packages\httpx\_client.py:1540: in request
    return await self.send(request, auth=auth, follow_redirects=follow_redirects)
           ^^^^^^^^^^^^^^^^^^^^^^^^^^^^^^^^^^^^^^^^^^^^^^^^^^^^^^^^^^^^^^^^^^^^^^
.venv\Lib\site-packages\httpx\_client.py:1629: in send
    response = await self._send_handling_auth(
.venv\Lib\site-packages\httpx\_client.py:1657: in _send_handling_auth
    response = await self._send_handling_redirects(
.venv\Lib\site-packages\httpx\_client.py:1694: in _send_handling_redirects
    response = await self._send_single_request(request)
               ^^^^^^^^^^^^^^^^^^^^^^^^^^^^^^^^^^^^^^^^
.venv\Lib\site-packages\httpx\_client.py:1730: in _send_single_request
    response = await transport.handle_async_request(request)
               ^^^^^^^^^^^^^^^^^^^^^^^^^^^^^^^^^^^^^^^^^^^^^
.venv\Lib\site-packages\httpx\_transports\asgi.py:170: in handle_async_request
    await self.app(scope, receive, send)
.venv\Lib\site-packages\fastapi\applications.py:1163: in __call__
    await super().__call__(scope, receive, send)
.venv\Lib\site-packages\starlette\applications.py:90: in __call__
    await self.middleware_stack(scope, receive, send)
.venv\Lib\site-packages\starlette\middleware\errors.py:186: in __call__
    raise exc
.venv\Lib\site-packages\starlette\middleware\errors.py:164: in __call__
    await self.app(scope, receive, _send)
.venv\Lib\site-packages\starlette\middleware\cors.py:88: in __call__
    await self.app(scope, receive, send)
.venv\Lib\site-packages\starlette\middleware\exceptions.py:63: in __call__
    await wrap_app_handling_exceptions(self.app, conn)(scope, receive, send)
.venv\Lib\site-packages\starlette\_exception_handler.py:53: in wrapped_app
    raise exc
.venv\Lib\site-packages\starlette\_exception_handler.py:42: in wrapped_app
    await app(scope, receive, sender)
.venv\Lib\site-packages\fastapi\middleware\asyncexitstack.py:18: in __call__
    await self.app(scope, receive, send)
.venv\Lib\site-packages\starlette\routing.py:660: in __call__
    await self.middleware_stack(scope, receive, send)
.venv\Lib\site-packages\fastapi\routing.py:2683: in app
    await route.handle(scope, receive, send)
.venv\Lib\site-packages\fastapi\routing.py:1753: in handle
    await self.original_router.handle(scope, receive, send)
.venv\Lib\site-packages\fastapi\routing.py:2738: in handle
    await included_router._handle_selected(scope, receive, send)
.venv\Lib\site-packages\fastapi\routing.py:1773: in _handle_selected
    await original_route.handle(scope, receive, send)
.venv\Lib\site-packages\fastapi\routing.py:1264: in handle
    await app(scope, receive, send)
.venv\Lib\site-packages\fastapi\routing.py:150: in app
    await wrap_app_handling_exceptions(app, request)(scope, receive, send)
.venv\Lib\site-packages\starlette\_exception_handler.py:53: in wrapped_app
    raise exc
.venv\Lib\site-packages\starlette\_exception_handler.py:42: in wrapped_app
    await app(scope, receive, sender)
.venv\Lib\site-packages\fastapi\routing.py:136: in app
    response = await f(request)
               ^^^^^^^^^^^^^^^^
.venv\Lib\site-packages\fastapi\routing.py:690: in app
    raw_response = await run_endpoint_function(
.venv\Lib\site-packages\fastapi\routing.py:344: in run_endpoint_function
    return await dependant.call(**values)
           ^^^^^^^^^^^^^^^^^^^^^^^^^^^^^^
_ _ _ _ _ _ _ _ _ _ _ _ _ _ _ _ _ _ _ _ _ _ _ _ _ _ _ _ _ _ _ _ _ _ _ _ _ _ _ _

id = UUID('0798e544-7321-4d97-b01c-713b93728af7')
payload = SaleStatusTransition(new_status='PENDING_PAYMENT')
db = <sqlalchemy.ext.asyncio.session.AsyncSession object at 0x0000022068B98D60>
current_user = <app.models.models.User object at 0x0000022068B99810>

    @router.post("/{id}/transition", response_model=SaleResponse)
    async def transition_sale(
        id: UUID,
        payload: SaleStatusTransition,
        db: AsyncSession = Depends(get_db),
        current_user: User = Depends(get_current_user)
    ):
        """
        Transiciona el estado de una venta y ejecuta las reglas asociadas de comisiones e inventario.
        """
        # 1. Obtener la venta
        sale_query = await db.execute(select(Sale).where(Sale.id == id))
        sale = sale_query.scalars().first()
        if not sale:
            raise HTTPException(status_code=404, detail="Venta no encontrada.")
    
        # 2. Validar transici�n de estado
        current_status = sale.status
        new_status = payload.new_status
        _validate_transition(current_status, new_status)
    
        # Obtener el almac�n principal
        wh_query = await db.execute(
            select(Warehouse).where(Warehouse.name == "Almac�n Principal")
        )
        warehouse = wh_query.scalars().first()
        if not warehouse:
            raise HTTPException(status_code=500, detail="Almac�n Principal no configurado.")
    
        # Cargar los �tems de venta
        items_query = await db.execute(select(SaleItem).where(SaleItem.sale_id == sale.id))
        items = items_query.scalars().all()
    
        # --- L�gica por transici�n ---
    
        # A: DRAFT -> PENDING_PAYMENT (Reservar Stock)
        if current_status == "DRAFT" and new_status == "PENDING_PAYMENT":
            for item in items:
                inv_query = await db.execute(
                    select(Inventory).where(
                        (Inventory.product_id == item.product_id) &
                        (Inventory.warehouse_id == warehouse.id)
                    )
                )
                inv = inv_query.scalars().first()
                if not inv or inv.stock_available < item.quantity:
                    raise HTTPException(
                        status_code=status.HTTP_400_BAD_REQUEST,
                        detail={
                            "code": "INSUFFICIENT_STOCK",
                            "message": f"Existencias insuficientes para reservar el �tem ID: {item.product_id}"
                        }
                    )
                # Reservar cantidades
                inv.stock_available -= item.quantity
                inv.stock_reserved += item.quantity
    
                # Movimiento Kardex
                db.add(InventoryMovement(
                    tenant_id=current_user.tenant_id,
                    product_id=item.product_id,
                    warehouse_id=warehouse.id,
                    quantity=item.quantity,
                    type="RESERVA",
                    reference_document=str(sale.id),
                    notes=f"Reserva de stock para venta ID {sale.id}"
                ))
    
        # B: PENDING_PAYMENT -> PAID (C�lculo de comisiones y verificaci�n de pago)
        elif current_status == "PENDING_PAYMENT" and new_status == "PAID":
            # 1. Validar que est� pagada en su totalidad
            payments_query = await db.execute(select(SalePayment).where(SalePayment.sale_id == sale.id))
            payments = payments_query.scalars().all()
            total_paid_usd = sum(p.amount_usd for p in payments)
    
            # Damos un margen de error decimal �nfimo
            if total_paid_usd < (sale.total_usd - Decimal("0.01")):
                raise HTTPException(
                    status_code=status.HTTP_400_BAD_REQUEST,
                    detail={
                        "code": "PAYMENTS_INCOMPLETE",
                        "message": f"Monto pagado ({total_paid_usd}) es menor al total de la venta ({sale.total_usd})."
                    }
                )
    
            # 2. Calcular comisiones para el vendedor
            if sale.seller_id:
                seller_query = await db.execute(select(User).where(User.id == sale.seller_id))
                seller = seller_query.scalars().first()
    
                if seller and seller.commission_rate > 0:
                    # Margen neto real = sum((precio - costo) * cantidad)
                    margin_usd = sum((i.unit_price_usd - i.unit_cost_usd) * i.quantity for i in items)
    
                    if margin_usd > 0:
                        commission_amount = margin_usd * (seller.commission_rate / Decimal("100.00"))
                        sale.commission_amount_usd = max(Decimal("0.00"), commission_amount)
                    else:
                        sale.commission_amount_usd = Decimal("0.00")
    
        # C: PAID -> COMPLETED (Despacho f�sico: Consumir stock reservado)
        elif current_status == "PAID" and new_status == "COMPLETED":
            for item in items:
                inv_query = await db.execute(
                    select(Inventory).where(
                        (Inventory.product_id == item.product_id) &
                        (Inventory.warehouse_id == warehouse.id)
                    )
                )
                inv = inv_query.scalars().first()
                if inv:
                    # Restar del reservado
                    qty_to_consume = min(item.quantity, inv.stock_reserved)
                    inv.stock_reserved -= qty_to_consume
    
                    # Registrar movimiento SALIDA
                    db.add(InventoryMovement(
                        tenant_id=current_user.tenant_id,
                        product_id=item.product_id,
                        warehouse_id=warehouse.id,
                        quantity=qty_to_consume,
                        type="SALIDA",
                        reference_document=str(sale.id),
                        notes=f"Despacho f�sico por venta completada ID {sale.id}"
                    ))
    
        # D: DRAFT / PENDING_PAYMENT -> CANCELLED (Liberar stock reservado)
        elif new_status == "CANCELLED":
            if current_status == "PENDING_PAYMENT":
                for item in items:
                    inv_query = await db.execute(
                        select(Inventory).where(
                            (Inventory.product_id == item.product_id) &
                            (Inventory.warehouse_id == warehouse.id)
                        )
                    )
                    inv = inv_query.scalars().first()
                    if inv:
                        # Devolver reservado a disponible
                        qty_to_release = min(item.quantity, inv.stock_reserved)
                        inv.stock_reserved -= qty_to_release
                        inv.stock_available += qty_to_release
    
                        # Kardex
                        db.add(InventoryMovement(
                            tenant_id=current_user.tenant_id,
                            product_id=item.product_id,
                            warehouse_id=warehouse.id,
                            quantity=qty_to_release,
                            type="LIBERACION",
                            reference_document=str(sale.id),
                            notes=f"Liberaci�n por cancelaci�n de venta ID {sale.id}"
                        ))
    
        # E: PAID / COMPLETED -> REFUNDED (Devoluci�n total a inventario y cancelaci�n de comisi�n)
        elif new_status == "REFUNDED":
            # Las comisiones se anulan en devoluciones
            sale.commission_amount_usd = Decimal("0.00")
    
            for item in items:
                inv_query = await db.execute(
                    select(Inventory).where(
                        (Inventory.product_id == item.product_id) &
                        (Inventory.warehouse_id == warehouse.id)
                    )
                )
                inv = inv_query.scalars().first()
                if inv:
                    if current_status == "COMPLETED":
                        # El stock ya hab�a salido, por ende se devuelve directo a disponible
                        inv.stock_available += item.quantity
                        db.add(InventoryMovement(
                            tenant_id=current_user.tenant_id,
                            product_id=item.product_id,
                            warehouse_id=warehouse.id,
                            quantity=item.quantity,
                            type="DEVOLUCION",
                            reference_document=str(sale.id),
                            notes=f"Devoluci�n de mercanc�a por reembolso de venta completada ID {sale.id}"
                        ))
                    elif current_status == "PAID":
                        # El stock a�n estaba en estado reservado
                        qty_to_release = min(item.quantity, inv.stock_reserved)
                        inv.stock_reserved -= qty_to_release
                        inv.stock_available += qty_to_release
    
                        db.add(InventoryMovement(
                            tenant_id=current_user.tenant_id,
                            product_id=item.product_id,
                            warehouse_id=warehouse.id,
                            quantity=qty_to_release,
                            type="DEVOLUCION",
                            reference_document=str(sale.id),
                            notes=f"Devoluci�n de stock reservado por reembolso de venta pagada ID {sale.id}"
                        ))
    
        # Actualizar estado de la venta
        sale.status = new_status
>       sale.updated_at = datetime.utcnow()
                          ^^^^^^^^
E       NameError: name 'datetime' is not defined. Did you forget to import 'datetime'?

app\api\v1\sales.py:388: NameError
---------------------------- Captured stdout call -----------------------------
2026-07-02 23:05:31,648 INFO sqlalchemy.engine.Engine select pg_catalog.version()
2026-07-02 23:05:31,648 INFO sqlalchemy.engine.Engine [raw sql] ()
2026-07-02 23:05:31,649 INFO sqlalchemy.engine.Engine select current_schema()
2026-07-02 23:05:31,649 INFO sqlalchemy.engine.Engine [raw sql] ()
2026-07-02 23:05:31,650 INFO sqlalchemy.engine.Engine show standard_conforming_strings
2026-07-02 23:05:31,650 INFO sqlalchemy.engine.Engine [raw sql] ()
2026-07-02 23:05:31,650 INFO sqlalchemy.engine.Engine BEGIN (implicit)
2026-07-02 23:05:31,651 INFO sqlalchemy.engine.Engine SELECT set_config('app.current_tenant', $1, false)
2026-07-02 23:05:31,651 INFO sqlalchemy.engine.Engine [generated in 0.00027s] ('',)
2026-07-02 23:05:31,652 INFO sqlalchemy.engine.Engine SELECT set_config('app.current_tenant', '', false)
2026-07-02 23:05:31,652 INFO sqlalchemy.engine.Engine [generated in 0.00012s] ()
2026-07-02 23:05:31,653 INFO sqlalchemy.engine.Engine SELECT users.id, users.tenant_id, users.username, users.email, users.password_hash, users.role_id, users.commission_rate, users.is_active, users.created_at, users.updated_at 
FROM users 
WHERE users.id = $1::UUID
2026-07-02 23:05:31,653 INFO sqlalchemy.engine.Engine [generated in 0.00011s] (UUID('e0000000-0000-0000-0000-0000000000aa'),)
2026-07-02 23:05:31,656 INFO sqlalchemy.engine.Engine SELECT tenants.id, tenants.name, tenants.preferred_payment_method, tenants.payment_instructions, tenants.plan_id, tenants.current_exchange_rate, tenants.subscription_status, tenants.created_at, tenants.updated_at 
FROM tenants 
WHERE tenants.id = $1::UUID
2026-07-02 23:05:31,656 INFO sqlalchemy.engine.Engine [generated in 0.00011s] (UUID('a0000000-0000-0000-0000-0000000000aa'),)
2026-07-02 23:05:31,657 INFO sqlalchemy.engine.Engine SELECT set_config('app.current_tenant', $1, false)
2026-07-02 23:05:31,657 INFO sqlalchemy.engine.Engine [cached since 0.006447s ago] ('a0000000-0000-0000-0000-0000000000aa',)
2026-07-02 23:05:31,658 INFO sqlalchemy.engine.Engine SELECT tenants.id, tenants.name, tenants.preferred_payment_method, tenants.payment_instructions, tenants.plan_id, tenants.current_exchange_rate, tenants.subscription_status, tenants.created_at, tenants.updated_at 
FROM tenants 
WHERE tenants.id = $1::UUID
2026-07-02 23:05:31,658 INFO sqlalchemy.engine.Engine [cached since 0.001935s ago] (UUID('a0000000-0000-0000-0000-0000000000aa'),)
2026-07-02 23:05:31,659 INFO sqlalchemy.engine.Engine SELECT products.id, products.tenant_id, products.category_id, products.barcode, products.name, products.description, products.cost_usd, products.price_usd, products.price_ves_manual, products.is_active, products.created_at, products.updated_at 
FROM products 
WHERE products.id = $1::UUID
2026-07-02 23:05:31,659 INFO sqlalchemy.engine.Engine [generated in 0.00017s] (UUID('c0000000-0000-0000-0000-000000000001'),)
2026-07-02 23:05:31,662 INFO sqlalchemy.engine.Engine INSERT INTO sales (id, tenant_id, user_id, exchange_rate_applied, status, total_usd, seller_id, commission_amount_usd, created_at, updated_at) VALUES ($1::UUID, $2::UUID, $3::UUID, $4::NUMERIC(12, 4), $5::VARCHAR, $6::NUMERIC(12, 4), $7::UUID, $8::NUMERIC(12, 4), $9::TIMESTAMP WITHOUT TIME ZONE, $10::TIMESTAMP WITHOUT TIME ZONE)
2026-07-02 23:05:31,662 INFO sqlalchemy.engine.Engine [generated in 0.00022s] (UUID('0798e544-7321-4d97-b01c-713b93728af7'), UUID('a0000000-0000-0000-0000-0000000000aa'), UUID('e0000000-0000-0000-0000-0000000000aa'), Decimal('40.0000'), 'DRAFT', Decimal('4.00'), UUID('e0000000-0000-0000-0000-0000000000aa'), Decimal('0.00'), datetime.datetime(2026, 7, 3, 3, 5, 31, 662595), datetime.datetime(2026, 7, 3, 3, 5, 31, 662599))
2026-07-02 23:05:31,664 INFO sqlalchemy.engine.Engine INSERT INTO sale_items (id, tenant_id, sale_id, product_id, quantity, unit_cost_usd, unit_price_usd, created_at) VALUES ($1::UUID, $2::UUID, $3::UUID, $4::UUID, $5::NUMERIC(12, 4), $6::NUMERIC(12, 4), $7::NUMERIC(12, 4), $8::TIMESTAMP WITHOUT TIME ZONE)
2026-07-02 23:05:31,665 INFO sqlalchemy.engine.Engine [generated in 0.00015s] (UUID('2541f52f-3110-47d5-89dd-8d811b7a1dd9'), UUID('a0000000-0000-0000-0000-0000000000aa'), UUID('0798e544-7321-4d97-b01c-713b93728af7'), UUID('c0000000-0000-0000-0000-000000000001'), Decimal('2'), Decimal('1.0000'), Decimal('2.0'), datetime.datetime(2026, 7, 3, 3, 5, 31, 664928))
2026-07-02 23:05:31,666 INFO sqlalchemy.engine.Engine COMMIT
2026-07-02 23:05:31,764 INFO sqlalchemy.engine.Engine BEGIN (implicit)
2026-07-02 23:05:31,764 INFO sqlalchemy.engine.Engine SELECT set_config('app.current_tenant', $1, false)
2026-07-02 23:05:31,764 INFO sqlalchemy.engine.Engine [cached since 0.1132s ago] ('a0000000-0000-0000-0000-0000000000aa',)
2026-07-02 23:05:31,765 INFO sqlalchemy.engine.Engine SELECT set_config('app.current_tenant', '', false)
2026-07-02 23:05:31,765 INFO sqlalchemy.engine.Engine [cached since 0.1131s ago] ()
2026-07-02 23:05:31,765 INFO sqlalchemy.engine.Engine SELECT users.id, users.tenant_id, users.username, users.email, users.password_hash, users.role_id, users.commission_rate, users.is_active, users.created_at, users.updated_at 
FROM users 
WHERE users.id = $1::UUID
2026-07-02 23:05:31,765 INFO sqlalchemy.engine.Engine [cached since 0.1126s ago] (UUID('e0000000-0000-0000-0000-0000000000aa'),)
2026-07-02 23:05:31,814 INFO sqlalchemy.engine.Engine SELECT tenants.id, tenants.name, tenants.preferred_payment_method, tenants.payment_instructions, tenants.plan_id, tenants.current_exchange_rate, tenants.subscription_status, tenants.created_at, tenants.updated_at 
FROM tenants 
WHERE tenants.id = $1::UUID
2026-07-02 23:05:31,814 INFO sqlalchemy.engine.Engine [cached since 0.158s ago] (UUID('a0000000-0000-0000-0000-0000000000aa'),)
2026-07-02 23:05:31,815 INFO sqlalchemy.engine.Engine SELECT set_config('app.current_tenant', $1, false)
2026-07-02 23:05:31,815 INFO sqlalchemy.engine.Engine [cached since 0.1648s ago] ('a0000000-0000-0000-0000-0000000000aa',)
2026-07-02 23:05:31,817 INFO sqlalchemy.engine.Engine SELECT sales.id, sales.tenant_id, sales.user_id, sales.exchange_rate_applied, sales.status, sales.total_usd, sales.seller_id, sales.commission_amount_usd, sales.created_at, sales.updated_at 
FROM sales 
WHERE sales.id = $1::UUID
2026-07-02 23:05:31,817 INFO sqlalchemy.engine.Engine [generated in 0.00011s] (UUID('0798e544-7321-4d97-b01c-713b93728af7'),)
2026-07-02 23:05:31,818 INFO sqlalchemy.engine.Engine SELECT warehouses.id, warehouses.tenant_id, warehouses.name, warehouses.is_active, warehouses.created_at 
FROM warehouses 
WHERE warehouses.name = $1::VARCHAR
2026-07-02 23:05:31,819 INFO sqlalchemy.engine.Engine [generated in 0.00011s] ('Almac�n Principal',)
2026-07-02 23:05:31,821 INFO sqlalchemy.engine.Engine SELECT sale_items.id, sale_items.tenant_id, sale_items.sale_id, sale_items.product_id, sale_items.quantity, sale_items.unit_cost_usd, sale_items.unit_price_usd, sale_items.created_at 
FROM sale_items 
WHERE sale_items.sale_id = $1::UUID
2026-07-02 23:05:31,821 INFO sqlalchemy.engine.Engine [generated in 0.00011s] (UUID('0798e544-7321-4d97-b01c-713b93728af7'),)
2026-07-02 23:05:31,822 INFO sqlalchemy.engine.Engine SELECT inventory.id, inventory.tenant_id, inventory.product_id, inventory.warehouse_id, inventory.stock_available, inventory.stock_reserved, inventory.updated_at 
FROM inventory 
WHERE inventory.product_id = $1::UUID AND inventory.warehouse_id = $2::UUID
2026-07-02 23:05:31,823 INFO sqlalchemy.engine.Engine [generated in 0.00013s] (UUID('c0000000-0000-0000-0000-000000000001'), UUID('f0000000-0000-0000-0000-0000000000aa'))
2026-07-02 23:05:31,824 INFO sqlalchemy.engine.Engine ROLLBACK
------------------------------ Captured log call ------------------------------
INFO     sqlalchemy.engine.Engine:base.py:1848 select pg_catalog.version()
INFO     sqlalchemy.engine.Engine:base.py:1848 [raw sql] ()
INFO     sqlalchemy.engine.Engine:base.py:1848 select current_schema()
INFO     sqlalchemy.engine.Engine:base.py:1848 [raw sql] ()
INFO     sqlalchemy.engine.Engine:base.py:1848 show standard_conforming_strings
INFO     sqlalchemy.engine.Engine:base.py:1848 [raw sql] ()
INFO     sqlalchemy.engine.Engine:base.py:2712 BEGIN (implicit)
INFO     sqlalchemy.engine.Engine:base.py:1848 SELECT set_config('app.current_tenant', $1, false)
INFO     sqlalchemy.engine.Engine:base.py:1848 [generated in 0.00027s] ('',)
INFO     sqlalchemy.engine.Engine:base.py:1848 SELECT set_config('app.current_tenant', '', false)
INFO     sqlalchemy.engine.Engine:base.py:1848 [generated in 0.00012s] ()
INFO     sqlalchemy.engine.Engine:base.py:1848 SELECT users.id, users.tenant_id, users.username, users.email, users.password_hash, users.role_id, users.commission_rate, users.is_active, users.created_at, users.updated_at 
FROM users 
WHERE users.id = $1::UUID
INFO     sqlalchemy.engine.Engine:base.py:1848 [generated in 0.00011s] (UUID('e0000000-0000-0000-0000-0000000000aa'),)
INFO     sqlalchemy.engine.Engine:base.py:1848 SELECT tenants.id, tenants.name, tenants.preferred_payment_method, tenants.payment_instructions, tenants.plan_id, tenants.current_exchange_rate, tenants.subscription_status, tenants.created_at, tenants.updated_at 
FROM tenants 
WHERE tenants.id = $1::UUID
INFO     sqlalchemy.engine.Engine:base.py:1848 [generated in 0.00011s] (UUID('a0000000-0000-0000-0000-0000000000aa'),)
INFO     sqlalchemy.engine.Engine:base.py:1848 SELECT set_config('app.current_tenant', $1, false)
INFO     sqlalchemy.engine.Engine:base.py:1848 [cached since 0.006447s ago] ('a0000000-0000-0000-0000-0000000000aa',)
INFO     sqlalchemy.engine.Engine:base.py:1848 SELECT tenants.id, tenants.name, tenants.preferred_payment_method, tenants.payment_instructions, tenants.plan_id, tenants.current_exchange_rate, tenants.subscription_status, tenants.created_at, tenants.updated_at 
FROM tenants 
WHERE tenants.id = $1::UUID
INFO     sqlalchemy.engine.Engine:base.py:1848 [cached since 0.001935s ago] (UUID('a0000000-0000-0000-0000-0000000000aa'),)
INFO     sqlalchemy.engine.Engine:base.py:1848 SELECT products.id, products.tenant_id, products.category_id, products.barcode, products.name, products.description, products.cost_usd, products.price_usd, products.price_ves_manual, products.is_active, products.created_at, products.updated_at 
FROM products 
WHERE products.id = $1::UUID
INFO     sqlalchemy.engine.Engine:base.py:1848 [generated in 0.00017s] (UUID('c0000000-0000-0000-0000-000000000001'),)
INFO     sqlalchemy.engine.Engine:base.py:1848 INSERT INTO sales (id, tenant_id, user_id, exchange_rate_applied, status, total_usd, seller_id, commission_amount_usd, created_at, updated_at) VALUES ($1::UUID, $2::UUID, $3::UUID, $4::NUMERIC(12, 4), $5::VARCHAR, $6::NUMERIC(12, 4), $7::UUID, $8::NUMERIC(12, 4), $9::TIMESTAMP WITHOUT TIME ZONE, $10::TIMESTAMP WITHOUT TIME ZONE)
INFO     sqlalchemy.engine.Engine:base.py:1848 [generated in 0.00022s] (UUID('0798e544-7321-4d97-b01c-713b93728af7'), UUID('a0000000-0000-0000-0000-0000000000aa'), UUID('e0000000-0000-0000-0000-0000000000aa'), Decimal('40.0000'), 'DRAFT', Decimal('4.00'), UUID('e0000000-0000-0000-0000-0000000000aa'), Decimal('0.00'), datetime.datetime(2026, 7, 3, 3, 5, 31, 662595), datetime.datetime(2026, 7, 3, 3, 5, 31, 662599))
INFO     sqlalchemy.engine.Engine:base.py:1848 INSERT INTO sale_items (id, tenant_id, sale_id, product_id, quantity, unit_cost_usd, unit_price_usd, created_at) VALUES ($1::UUID, $2::UUID, $3::UUID, $4::UUID, $5::NUMERIC(12, 4), $6::NUMERIC(12, 4), $7::NUMERIC(12, 4), $8::TIMESTAMP WITHOUT TIME ZONE)
INFO     sqlalchemy.engine.Engine:base.py:1848 [generated in 0.00015s] (UUID('2541f52f-3110-47d5-89dd-8d811b7a1dd9'), UUID('a0000000-0000-0000-0000-0000000000aa'), UUID('0798e544-7321-4d97-b01c-713b93728af7'), UUID('c0000000-0000-0000-0000-000000000001'), Decimal('2'), Decimal('1.0000'), Decimal('2.0'), datetime.datetime(2026, 7, 3, 3, 5, 31, 664928))
INFO     sqlalchemy.engine.Engine:base.py:2718 COMMIT
INFO     sqlalchemy.engine.Engine:base.py:2712 BEGIN (implicit)
INFO     sqlalchemy.engine.Engine:base.py:1848 SELECT set_config('app.current_tenant', $1, false)
INFO     sqlalchemy.engine.Engine:base.py:1848 [cached since 0.1132s ago] ('a0000000-0000-0000-0000-0000000000aa',)
INFO     sqlalchemy.engine.Engine:base.py:1848 SELECT set_config('app.current_tenant', '', false)
INFO     sqlalchemy.engine.Engine:base.py:1848 [cached since 0.1131s ago] ()
INFO     sqlalchemy.engine.Engine:base.py:1848 SELECT users.id, users.tenant_id, users.username, users.email, users.password_hash, users.role_id, users.commission_rate, users.is_active, users.created_at, users.updated_at 
FROM users 
WHERE users.id = $1::UUID
INFO     sqlalchemy.engine.Engine:base.py:1848 [cached since 0.1126s ago] (UUID('e0000000-0000-0000-0000-0000000000aa'),)
INFO     sqlalchemy.engine.Engine:base.py:1848 SELECT tenants.id, tenants.name, tenants.preferred_payment_method, tenants.payment_instructions, tenants.plan_id, tenants.current_exchange_rate, tenants.subscription_status, tenants.created_at, tenants.updated_at 
FROM tenants 
WHERE tenants.id = $1::UUID
INFO     sqlalchemy.engine.Engine:base.py:1848 [cached since 0.158s ago] (UUID('a0000000-0000-0000-0000-0000000000aa'),)
INFO     sqlalchemy.engine.Engine:base.py:1848 SELECT set_config('app.current_tenant', $1, false)
INFO     sqlalchemy.engine.Engine:base.py:1848 [cached since 0.1648s ago] ('a0000000-0000-0000-0000-0000000000aa',)
INFO     sqlalchemy.engine.Engine:base.py:1848 SELECT sales.id, sales.tenant_id, sales.user_id, sales.exchange_rate_applied, sales.status, sales.total_usd, sales.seller_id, sales.commission_amount_usd, sales.created_at, sales.updated_at 
FROM sales 
WHERE sales.id = $1::UUID
INFO     sqlalchemy.engine.Engine:base.py:1848 [generated in 0.00011s] (UUID('0798e544-7321-4d97-b01c-713b93728af7'),)
INFO     sqlalchemy.engine.Engine:base.py:1848 SELECT warehouses.id, warehouses.tenant_id, warehouses.name, warehouses.is_active, warehouses.created_at 
FROM warehouses 
WHERE warehouses.name = $1::VARCHAR
INFO     sqlalchemy.engine.Engine:base.py:1848 [generated in 0.00011s] ('Almac�n Principal',)
INFO     sqlalchemy.engine.Engine:base.py:1848 SELECT sale_items.id, sale_items.tenant_id, sale_items.sale_id, sale_items.product_id, sale_items.quantity, sale_items.unit_cost_usd, sale_items.unit_price_usd, sale_items.created_at 
FROM sale_items 
WHERE sale_items.sale_id = $1::UUID
INFO     sqlalchemy.engine.Engine:base.py:1848 [generated in 0.00011s] (UUID('0798e544-7321-4d97-b01c-713b93728af7'),)
INFO     sqlalchemy.engine.Engine:base.py:1848 SELECT inventory.id, inventory.tenant_id, inventory.product_id, inventory.warehouse_id, inventory.stock_available, inventory.stock_reserved, inventory.updated_at 
FROM inventory 
WHERE inventory.product_id = $1::UUID AND inventory.warehouse_id = $2::UUID
INFO     sqlalchemy.engine.Engine:base.py:1848 [generated in 0.00013s] (UUID('c0000000-0000-0000-0000-000000000001'), UUID('f0000000-0000-0000-0000-0000000000aa'))
INFO     sqlalchemy.engine.Engine:base.py:2715 ROLLBACK
_____________________ test_sale_refund_returns_inventory ______________________

    async def test_sale_refund_returns_inventory():
        """Valida que reembolsar una venta completada devuelva las existencias a disponible y anule comisiones."""
        tenant_id, seller_id, prod_id, warehouse_id = await setup_sales_test_data()
        await clean_sales(tenant_id)
    
        token = create_access_token(subject=seller_id)
        headers = {"Authorization": f"Bearer {token}"}
    
        async with AsyncClient(transport=ASGITransport(app=app), base_url="http://test") as ac:
            # 1. Crear venta
            create_res = await ac.post(
                "/api/v1/sales",
                headers=headers,
                json={
                    "seller_id": str(seller_id),
                    "items": [{"product_id": str(prod_id), "quantity": 5, "unit_price_usd": 2.00}]
                }
            )
            sale_id = create_res.json()["id"]
    
            # 2. Reservar stock
>           await ac.post(f"/api/v1/sales/{sale_id}/transition", headers=headers, json={"new_status": "PENDING_PAYMENT"})

app\tests\test_sales.py:268: 
_ _ _ _ _ _ _ _ _ _ _ _ _ _ _ _ _ _ _ _ _ _ _ _ _ _ _ _ _ _ _ _ _ _ _ _ _ _ _ _
.venv\Lib\site-packages\httpx\_client.py:1859: in post
    return await self.request(
.venv\Lib\site-packages\httpx\_client.py:1540: in request
    return await self.send(request, auth=auth, follow_redirects=follow_redirects)
           ^^^^^^^^^^^^^^^^^^^^^^^^^^^^^^^^^^^^^^^^^^^^^^^^^^^^^^^^^^^^^^^^^^^^^^
.venv\Lib\site-packages\httpx\_client.py:1629: in send
    response = await self._send_handling_auth(
.venv\Lib\site-packages\httpx\_client.py:1657: in _send_handling_auth
    response = await self._send_handling_redirects(
.venv\Lib\site-packages\httpx\_client.py:1694: in _send_handling_redirects
    response = await self._send_single_request(request)
               ^^^^^^^^^^^^^^^^^^^^^^^^^^^^^^^^^^^^^^^^
.venv\Lib\site-packages\httpx\_client.py:1730: in _send_single_request
    response = await transport.handle_async_request(request)
               ^^^^^^^^^^^^^^^^^^^^^^^^^^^^^^^^^^^^^^^^^^^^^
.venv\Lib\site-packages\httpx\_transports\asgi.py:170: in handle_async_request
    await self.app(scope, receive, send)
.venv\Lib\site-packages\fastapi\applications.py:1163: in __call__
    await super().__call__(scope, receive, send)
.venv\Lib\site-packages\starlette\applications.py:90: in __call__
    await self.middleware_stack(scope, receive, send)
.venv\Lib\site-packages\starlette\middleware\errors.py:186: in __call__
    raise exc
.venv\Lib\site-packages\starlette\middleware\errors.py:164: in __call__
    await self.app(scope, receive, _send)
.venv\Lib\site-packages\starlette\middleware\cors.py:88: in __call__
    await self.app(scope, receive, send)
.venv\Lib\site-packages\starlette\middleware\exceptions.py:63: in __call__
    await wrap_app_handling_exceptions(self.app, conn)(scope, receive, send)
.venv\Lib\site-packages\starlette\_exception_handler.py:53: in wrapped_app
    raise exc
.venv\Lib\site-packages\starlette\_exception_handler.py:42: in wrapped_app
    await app(scope, receive, sender)
.venv\Lib\site-packages\fastapi\middleware\asyncexitstack.py:18: in __call__
    await self.app(scope, receive, send)
.venv\Lib\site-packages\starlette\routing.py:660: in __call__
    await self.middleware_stack(scope, receive, send)
.venv\Lib\site-packages\fastapi\routing.py:2683: in app
    await route.handle(scope, receive, send)
.venv\Lib\site-packages\fastapi\routing.py:1753: in handle
    await self.original_router.handle(scope, receive, send)
.venv\Lib\site-packages\fastapi\routing.py:2738: in handle
    await included_router._handle_selected(scope, receive, send)
.venv\Lib\site-packages\fastapi\routing.py:1773: in _handle_selected
    await original_route.handle(scope, receive, send)
.venv\Lib\site-packages\fastapi\routing.py:1264: in handle
    await app(scope, receive, send)
.venv\Lib\site-packages\fastapi\routing.py:150: in app
    await wrap_app_handling_exceptions(app, request)(scope, receive, send)
.venv\Lib\site-packages\starlette\_exception_handler.py:53: in wrapped_app
    raise exc
.venv\Lib\site-packages\starlette\_exception_handler.py:42: in wrapped_app
    await app(scope, receive, sender)
.venv\Lib\site-packages\fastapi\routing.py:136: in app
    response = await f(request)
               ^^^^^^^^^^^^^^^^
.venv\Lib\site-packages\fastapi\routing.py:690: in app
    raw_response = await run_endpoint_function(
.venv\Lib\site-packages\fastapi\routing.py:344: in run_endpoint_function
    return await dependant.call(**values)
           ^^^^^^^^^^^^^^^^^^^^^^^^^^^^^^
_ _ _ _ _ _ _ _ _ _ _ _ _ _ _ _ _ _ _ _ _ _ _ _ _ _ _ _ _ _ _ _ _ _ _ _ _ _ _ _

id = UUID('69d22531-4f74-4fb7-b728-4babfcb9ae43')
payload = SaleStatusTransition(new_status='PENDING_PAYMENT')
db = <sqlalchemy.ext.asyncio.session.AsyncSession object at 0x0000022068BC6850>
current_user = <app.models.models.User object at 0x000002206A41D590>

    @router.post("/{id}/transition", response_model=SaleResponse)
    async def transition_sale(
        id: UUID,
        payload: SaleStatusTransition,
        db: AsyncSession = Depends(get_db),
        current_user: User = Depends(get_current_user)
    ):
        """
        Transiciona el estado de una venta y ejecuta las reglas asociadas de comisiones e inventario.
        """
        # 1. Obtener la venta
        sale_query = await db.execute(select(Sale).where(Sale.id == id))
        sale = sale_query.scalars().first()
        if not sale:
            raise HTTPException(status_code=404, detail="Venta no encontrada.")
    
        # 2. Validar transici�n de estado
        current_status = sale.status
        new_status = payload.new_status
        _validate_transition(current_status, new_status)
    
        # Obtener el almac�n principal
        wh_query = await db.execute(
            select(Warehouse).where(Warehouse.name == "Almac�n Principal")
        )
        warehouse = wh_query.scalars().first()
        if not warehouse:
            raise HTTPException(status_code=500, detail="Almac�n Principal no configurado.")
    
        # Cargar los �tems de venta
        items_query = await db.execute(select(SaleItem).where(SaleItem.sale_id == sale.id))
        items = items_query.scalars().all()
    
        # --- L�gica por transici�n ---
    
        # A: DRAFT -> PENDING_PAYMENT (Reservar Stock)
        if current_status == "DRAFT" and new_status == "PENDING_PAYMENT":
            for item in items:
                inv_query = await db.execute(
                    select(Inventory).where(
                        (Inventory.product_id == item.product_id) &
                        (Inventory.warehouse_id == warehouse.id)
                    )
                )
                inv = inv_query.scalars().first()
                if not inv or inv.stock_available < item.quantity:
                    raise HTTPException(
                        status_code=status.HTTP_400_BAD_REQUEST,
                        detail={
                            "code": "INSUFFICIENT_STOCK",
                            "message": f"Existencias insuficientes para reservar el �tem ID: {item.product_id}"
                        }
                    )
                # Reservar cantidades
                inv.stock_available -= item.quantity
                inv.stock_reserved += item.quantity
    
                # Movimiento Kardex
                db.add(InventoryMovement(
                    tenant_id=current_user.tenant_id,
                    product_id=item.product_id,
                    warehouse_id=warehouse.id,
                    quantity=item.quantity,
                    type="RESERVA",
                    reference_document=str(sale.id),
                    notes=f"Reserva de stock para venta ID {sale.id}"
                ))
    
        # B: PENDING_PAYMENT -> PAID (C�lculo de comisiones y verificaci�n de pago)
        elif current_status == "PENDING_PAYMENT" and new_status == "PAID":
            # 1. Validar que est� pagada en su totalidad
            payments_query = await db.execute(select(SalePayment).where(SalePayment.sale_id == sale.id))
            payments = payments_query.scalars().all()
            total_paid_usd = sum(p.amount_usd for p in payments)
    
            # Damos un margen de error decimal �nfimo
            if total_paid_usd < (sale.total_usd - Decimal("0.01")):
                raise HTTPException(
                    status_code=status.HTTP_400_BAD_REQUEST,
                    detail={
                        "code": "PAYMENTS_INCOMPLETE",
                        "message": f"Monto pagado ({total_paid_usd}) es menor al total de la venta ({sale.total_usd})."
                    }
                )
    
            # 2. Calcular comisiones para el vendedor
            if sale.seller_id:
                seller_query = await db.execute(select(User).where(User.id == sale.seller_id))
                seller = seller_query.scalars().first()
    
                if seller and seller.commission_rate > 0:
                    # Margen neto real = sum((precio - costo) * cantidad)
                    margin_usd = sum((i.unit_price_usd - i.unit_cost_usd) * i.quantity for i in items)
    
                    if margin_usd > 0:
                        commission_amount = margin_usd * (seller.commission_rate / Decimal("100.00"))
                        sale.commission_amount_usd = max(Decimal("0.00"), commission_amount)
                    else:
                        sale.commission_amount_usd = Decimal("0.00")
    
        # C: PAID -> COMPLETED (Despacho f�sico: Consumir stock reservado)
        elif current_status == "PAID" and new_status == "COMPLETED":
            for item in items:
                inv_query = await db.execute(
                    select(Inventory).where(
                        (Inventory.product_id == item.product_id) &
                        (Inventory.warehouse_id == warehouse.id)
                    )
                )
                inv = inv_query.scalars().first()
                if inv:
                    # Restar del reservado
                    qty_to_consume = min(item.quantity, inv.stock_reserved)
                    inv.stock_reserved -= qty_to_consume
    
                    # Registrar movimiento SALIDA
                    db.add(InventoryMovement(
                        tenant_id=current_user.tenant_id,
                        product_id=item.product_id,
                        warehouse_id=warehouse.id,
                        quantity=qty_to_consume,
                        type="SALIDA",
                        reference_document=str(sale.id),
                        notes=f"Despacho f�sico por venta completada ID {sale.id}"
                    ))
    
        # D: DRAFT / PENDING_PAYMENT -> CANCELLED (Liberar stock reservado)
        elif new_status == "CANCELLED":
            if current_status == "PENDING_PAYMENT":
                for item in items:
                    inv_query = await db.execute(
                        select(Inventory).where(
                            (Inventory.product_id == item.product_id) &
                            (Inventory.warehouse_id == warehouse.id)
                        )
                    )
                    inv = inv_query.scalars().first()
                    if inv:
                        # Devolver reservado a disponible
                        qty_to_release = min(item.quantity, inv.stock_reserved)
                        inv.stock_reserved -= qty_to_release
                        inv.stock_available += qty_to_release
    
                        # Kardex
                        db.add(InventoryMovement(
                            tenant_id=current_user.tenant_id,
                            product_id=item.product_id,
                            warehouse_id=warehouse.id,
                            quantity=qty_to_release,
                            type="LIBERACION",
                            reference_document=str(sale.id),
                            notes=f"Liberaci�n por cancelaci�n de venta ID {sale.id}"
                        ))
    
        # E: PAID / COMPLETED -> REFUNDED (Devoluci�n total a inventario y cancelaci�n de comisi�n)
        elif new_status == "REFUNDED":
            # Las comisiones se anulan en devoluciones
            sale.commission_amount_usd = Decimal("0.00")
    
            for item in items:
                inv_query = await db.execute(
                    select(Inventory).where(
                        (Inventory.product_id == item.product_id) &
                        (Inventory.warehouse_id == warehouse.id)
                    )
                )
                inv = inv_query.scalars().first()
                if inv:
                    if current_status == "COMPLETED":
                        # El stock ya hab�a salido, por ende se devuelve directo a disponible
                        inv.stock_available += item.quantity
                        db.add(InventoryMovement(
                            tenant_id=current_user.tenant_id,
                            product_id=item.product_id,
                            warehouse_id=warehouse.id,
                            quantity=item.quantity,
                            type="DEVOLUCION",
                            reference_document=str(sale.id),
                            notes=f"Devoluci�n de mercanc�a por reembolso de venta completada ID {sale.id}"
                        ))
                    elif current_status == "PAID":
                        # El stock a�n estaba en estado reservado
                        qty_to_release = min(item.quantity, inv.stock_reserved)
                        inv.stock_reserved -= qty_to_release
                        inv.stock_available += qty_to_release
    
                        db.add(InventoryMovement(
                            tenant_id=current_user.tenant_id,
                            product_id=item.product_id,
                            warehouse_id=warehouse.id,
                            quantity=qty_to_release,
                            type="DEVOLUCION",
                            reference_document=str(sale.id),
                            notes=f"Devoluci�n de stock reservado por reembolso de venta pagada ID {sale.id}"
                        ))
    
        # Actualizar estado de la venta
        sale.status = new_status
>       sale.updated_at = datetime.utcnow()
                          ^^^^^^^^
E       NameError: name 'datetime' is not defined. Did you forget to import 'datetime'?

app\api\v1\sales.py:388: NameError
---------------------------- Captured stdout call -----------------------------
2026-07-02 23:05:32,997 INFO sqlalchemy.engine.Engine BEGIN (implicit)
2026-07-02 23:05:32,997 INFO sqlalchemy.engine.Engine SELECT set_config('app.current_tenant', $1, false)
2026-07-02 23:05:32,997 INFO sqlalchemy.engine.Engine [cached since 1.346s ago] ('',)
2026-07-02 23:05:32,998 INFO sqlalchemy.engine.Engine SELECT set_config('app.current_tenant', '', false)
2026-07-02 23:05:32,998 INFO sqlalchemy.engine.Engine [cached since 1.346s ago] ()
2026-07-02 23:05:32,999 INFO sqlalchemy.engine.Engine SELECT users.id, users.tenant_id, users.username, users.email, users.password_hash, users.role_id, users.commission_rate, users.is_active, users.created_at, users.updated_at 
FROM users 
WHERE users.id = $1::UUID
2026-07-02 23:05:32,999 INFO sqlalchemy.engine.Engine [cached since 1.346s ago] (UUID('e0000000-0000-0000-0000-0000000000aa'),)
2026-07-02 23:05:33,001 INFO sqlalchemy.engine.Engine SELECT tenants.id, tenants.name, tenants.preferred_payment_method, tenants.payment_instructions, tenants.plan_id, tenants.current_exchange_rate, tenants.subscription_status, tenants.created_at, tenants.updated_at 
FROM tenants 
WHERE tenants.id = $1::UUID
2026-07-02 23:05:33,001 INFO sqlalchemy.engine.Engine [cached since 1.345s ago] (UUID('a0000000-0000-0000-0000-0000000000aa'),)
2026-07-02 23:05:33,002 INFO sqlalchemy.engine.Engine SELECT set_config('app.current_tenant', $1, false)
2026-07-02 23:05:33,002 INFO sqlalchemy.engine.Engine [cached since 1.352s ago] ('a0000000-0000-0000-0000-0000000000aa',)
2026-07-02 23:05:33,003 INFO sqlalchemy.engine.Engine SELECT tenants.id, tenants.name, tenants.preferred_payment_method, tenants.payment_instructions, tenants.plan_id, tenants.current_exchange_rate, tenants.subscription_status, tenants.created_at, tenants.updated_at 
FROM tenants 
WHERE tenants.id = $1::UUID
2026-07-02 23:05:33,003 INFO sqlalchemy.engine.Engine [cached since 1.347s ago] (UUID('a0000000-0000-0000-0000-0000000000aa'),)
2026-07-02 23:05:33,003 INFO sqlalchemy.engine.Engine SELECT products.id, products.tenant_id, products.category_id, products.barcode, products.name, products.description, products.cost_usd, products.price_usd, products.price_ves_manual, products.is_active, products.created_at, products.updated_at 
FROM products 
WHERE products.id = $1::UUID
2026-07-02 23:05:33,003 INFO sqlalchemy.engine.Engine [cached since 1.345s ago] (UUID('c0000000-0000-0000-0000-000000000001'),)
2026-07-02 23:05:33,005 INFO sqlalchemy.engine.Engine INSERT INTO sales (id, tenant_id, user_id, exchange_rate_applied, status, total_usd, seller_id, commission_amount_usd, created_at, updated_at) VALUES ($1::UUID, $2::UUID, $3::UUID, $4::NUMERIC(12, 4), $5::VARCHAR, $6::NUMERIC(12, 4), $7::UUID, $8::NUMERIC(12, 4), $9::TIMESTAMP WITHOUT TIME ZONE, $10::TIMESTAMP WITHOUT TIME ZONE)
2026-07-02 23:05:33,005 INFO sqlalchemy.engine.Engine [cached since 1.343s ago] (UUID('69d22531-4f74-4fb7-b728-4babfcb9ae43'), UUID('a0000000-0000-0000-0000-0000000000aa'), UUID('e0000000-0000-0000-0000-0000000000aa'), Decimal('40.0000'), 'DRAFT', Decimal('10.00'), UUID('e0000000-0000-0000-0000-0000000000aa'), Decimal('0.00'), datetime.datetime(2026, 7, 3, 3, 5, 33, 5846), datetime.datetime(2026, 7, 3, 3, 5, 33, 5849))
2026-07-02 23:05:33,007 INFO sqlalchemy.engine.Engine INSERT INTO sale_items (id, tenant_id, sale_id, product_id, quantity, unit_cost_usd, unit_price_usd, created_at) VALUES ($1::UUID, $2::UUID, $3::UUID, $4::UUID, $5::NUMERIC(12, 4), $6::NUMERIC(12, 4), $7::NUMERIC(12, 4), $8::TIMESTAMP WITHOUT TIME ZONE)
2026-07-02 23:05:33,007 INFO sqlalchemy.engine.Engine [cached since 1.343s ago] (UUID('067c1322-63a5-40bd-b44a-570f75fe9cef'), UUID('a0000000-0000-0000-0000-0000000000aa'), UUID('69d22531-4f74-4fb7-b728-4babfcb9ae43'), UUID('c0000000-0000-0000-0000-000000000001'), Decimal('5'), Decimal('1.0000'), Decimal('2.0'), datetime.datetime(2026, 7, 3, 3, 5, 33, 7404))
2026-07-02 23:05:33,008 INFO sqlalchemy.engine.Engine COMMIT
2026-07-02 23:05:33,056 INFO sqlalchemy.engine.Engine BEGIN (implicit)
2026-07-02 23:05:33,056 INFO sqlalchemy.engine.Engine SELECT set_config('app.current_tenant', $1, false)
2026-07-02 23:05:33,056 INFO sqlalchemy.engine.Engine [cached since 1.406s ago] ('a0000000-0000-0000-0000-0000000000aa',)
2026-07-02 23:05:33,057 INFO sqlalchemy.engine.Engine SELECT set_config('app.current_tenant', '', false)
2026-07-02 23:05:33,057 INFO sqlalchemy.engine.Engine [cached since 1.405s ago] ()
2026-07-02 23:05:33,058 INFO sqlalchemy.engine.Engine SELECT users.id, users.tenant_id, users.username, users.email, users.password_hash, users.role_id, users.commission_rate, users.is_active, users.created_at, users.updated_at 
FROM users 
WHERE users.id = $1::UUID
2026-07-02 23:05:33,058 INFO sqlalchemy.engine.Engine [cached since 1.405s ago] (UUID('e0000000-0000-0000-0000-0000000000aa'),)
2026-07-02 23:05:33,060 INFO sqlalchemy.engine.Engine SELECT tenants.id, tenants.name, tenants.preferred_payment_method, tenants.payment_instructions, tenants.plan_id, tenants.current_exchange_rate, tenants.subscription_status, tenants.created_at, tenants.updated_at 
FROM tenants 
WHERE tenants.id = $1::UUID
2026-07-02 23:05:33,060 INFO sqlalchemy.engine.Engine [cached since 1.405s ago] (UUID('a0000000-0000-0000-0000-0000000000aa'),)
2026-07-02 23:05:33,062 INFO sqlalchemy.engine.Engine SELECT set_config('app.current_tenant', $1, false)
2026-07-02 23:05:33,062 INFO sqlalchemy.engine.Engine [cached since 1.411s ago] ('a0000000-0000-0000-0000-0000000000aa',)
2026-07-02 23:05:33,063 INFO sqlalchemy.engine.Engine SELECT sales.id, sales.tenant_id, sales.user_id, sales.exchange_rate_applied, sales.status, sales.total_usd, sales.seller_id, sales.commission_amount_usd, sales.created_at, sales.updated_at 
FROM sales 
WHERE sales.id = $1::UUID
2026-07-02 23:05:33,063 INFO sqlalchemy.engine.Engine [cached since 1.246s ago] (UUID('69d22531-4f74-4fb7-b728-4babfcb9ae43'),)
2026-07-02 23:05:33,064 INFO sqlalchemy.engine.Engine SELECT warehouses.id, warehouses.tenant_id, warehouses.name, warehouses.is_active, warehouses.created_at 
FROM warehouses 
WHERE warehouses.name = $1::VARCHAR
2026-07-02 23:05:33,064 INFO sqlalchemy.engine.Engine [cached since 1.246s ago] ('Almac�n Principal',)
2026-07-02 23:05:33,066 INFO sqlalchemy.engine.Engine SELECT sale_items.id, sale_items.tenant_id, sale_items.sale_id, sale_items.product_id, sale_items.quantity, sale_items.unit_cost_usd, sale_items.unit_price_usd, sale_items.created_at 
FROM sale_items 
WHERE sale_items.sale_id = $1::UUID
2026-07-02 23:05:33,066 INFO sqlalchemy.engine.Engine [cached since 1.245s ago] (UUID('69d22531-4f74-4fb7-b728-4babfcb9ae43'),)
2026-07-02 23:05:33,067 INFO sqlalchemy.engine.Engine SELECT inventory.id, inventory.tenant_id, inventory.product_id, inventory.warehouse_id, inventory.stock_available, inventory.stock_reserved, inventory.updated_at 
FROM inventory 
WHERE inventory.product_id = $1::UUID AND inventory.warehouse_id = $2::UUID
2026-07-02 23:05:33,067 INFO sqlalchemy.engine.Engine [cached since 1.245s ago] (UUID('c0000000-0000-0000-0000-000000000001'), UUID('f0000000-0000-0000-0000-0000000000aa'))
2026-07-02 23:05:33,069 INFO sqlalchemy.engine.Engine ROLLBACK
------------------------------ Captured log call ------------------------------
INFO     sqlalchemy.engine.Engine:base.py:2712 BEGIN (implicit)
INFO     sqlalchemy.engine.Engine:base.py:1848 SELECT set_config('app.current_tenant', $1, false)
INFO     sqlalchemy.engine.Engine:base.py:1848 [cached since 1.346s ago] ('',)
INFO     sqlalchemy.engine.Engine:base.py:1848 SELECT set_config('app.current_tenant', '', false)
INFO     sqlalchemy.engine.Engine:base.py:1848 [cached since 1.346s ago] ()
INFO     sqlalchemy.engine.Engine:base.py:1848 SELECT users.id, users.tenant_id, users.username, users.email, users.password_hash, users.role_id, users.commission_rate, users.is_active, users.created_at, users.updated_at 
FROM users 
WHERE users.id = $1::UUID
INFO     sqlalchemy.engine.Engine:base.py:1848 [cached since 1.346s ago] (UUID('e0000000-0000-0000-0000-0000000000aa'),)
INFO     sqlalchemy.engine.Engine:base.py:1848 SELECT tenants.id, tenants.name, tenants.preferred_payment_method, tenants.payment_instructions, tenants.plan_id, tenants.current_exchange_rate, tenants.subscription_status, tenants.created_at, tenants.updated_at 
FROM tenants 
WHERE tenants.id = $1::UUID
INFO     sqlalchemy.engine.Engine:base.py:1848 [cached since 1.345s ago] (UUID('a0000000-0000-0000-0000-0000000000aa'),)
INFO     sqlalchemy.engine.Engine:base.py:1848 SELECT set_config('app.current_tenant', $1, false)
INFO     sqlalchemy.engine.Engine:base.py:1848 [cached since 1.352s ago] ('a0000000-0000-0000-0000-0000000000aa',)
INFO     sqlalchemy.engine.Engine:base.py:1848 SELECT tenants.id, tenants.name, tenants.preferred_payment_method, tenants.payment_instructions, tenants.plan_id, tenants.current_exchange_rate, tenants.subscription_status, tenants.created_at, tenants.updated_at 
FROM tenants 
WHERE tenants.id = $1::UUID
INFO     sqlalchemy.engine.Engine:base.py:1848 [cached since 1.347s ago] (UUID('a0000000-0000-0000-0000-0000000000aa'),)
INFO     sqlalchemy.engine.Engine:base.py:1848 SELECT products.id, products.tenant_id, products.category_id, products.barcode, products.name, products.description, products.cost_usd, products.price_usd, products.price_ves_manual, products.is_active, products.created_at, products.updated_at 
FROM products 
WHERE products.id = $1::UUID
INFO     sqlalchemy.engine.Engine:base.py:1848 [cached since 1.345s ago] (UUID('c0000000-0000-0000-0000-000000000001'),)
INFO     sqlalchemy.engine.Engine:base.py:1848 INSERT INTO sales (id, tenant_id, user_id, exchange_rate_applied, status, total_usd, seller_id, commission_amount_usd, created_at, updated_at) VALUES ($1::UUID, $2::UUID, $3::UUID, $4::NUMERIC(12, 4), $5::VARCHAR, $6::NUMERIC(12, 4), $7::UUID, $8::NUMERIC(12, 4), $9::TIMESTAMP WITHOUT TIME ZONE, $10::TIMESTAMP WITHOUT TIME ZONE)
INFO     sqlalchemy.engine.Engine:base.py:1848 [cached since 1.343s ago] (UUID('69d22531-4f74-4fb7-b728-4babfcb9ae43'), UUID('a0000000-0000-0000-0000-0000000000aa'), UUID('e0000000-0000-0000-0000-0000000000aa'), Decimal('40.0000'), 'DRAFT', Decimal('10.00'), UUID('e0000000-0000-0000-0000-0000000000aa'), Decimal('0.00'), datetime.datetime(2026, 7, 3, 3, 5, 33, 5846), datetime.datetime(2026, 7, 3, 3, 5, 33, 5849))
INFO     sqlalchemy.engine.Engine:base.py:1848 INSERT INTO sale_items (id, tenant_id, sale_id, product_id, quantity, unit_cost_usd, unit_price_usd, created_at) VALUES ($1::UUID, $2::UUID, $3::UUID, $4::UUID, $5::NUMERIC(12, 4), $6::NUMERIC(12, 4), $7::NUMERIC(12, 4), $8::TIMESTAMP WITHOUT TIME ZONE)
INFO     sqlalchemy.engine.Engine:base.py:1848 [cached since 1.343s ago] (UUID('067c1322-63a5-40bd-b44a-570f75fe9cef'), UUID('a0000000-0000-0000-0000-0000000000aa'), UUID('69d22531-4f74-4fb7-b728-4babfcb9ae43'), UUID('c0000000-0000-0000-0000-000000000001'), Decimal('5'), Decimal('1.0000'), Decimal('2.0'), datetime.datetime(2026, 7, 3, 3, 5, 33, 7404))
INFO     sqlalchemy.engine.Engine:base.py:2718 COMMIT
INFO     sqlalchemy.engine.Engine:base.py:2712 BEGIN (implicit)
INFO     sqlalchemy.engine.Engine:base.py:1848 SELECT set_config('app.current_tenant', $1, false)
INFO     sqlalchemy.engine.Engine:base.py:1848 [cached since 1.406s ago] ('a0000000-0000-0000-0000-0000000000aa',)
INFO     sqlalchemy.engine.Engine:base.py:1848 SELECT set_config('app.current_tenant', '', false)
INFO     sqlalchemy.engine.Engine:base.py:1848 [cached since 1.405s ago] ()
INFO     sqlalchemy.engine.Engine:base.py:1848 SELECT users.id, users.tenant_id, users.username, users.email, users.password_hash, users.role_id, users.commission_rate, users.is_active, users.created_at, users.updated_at 
FROM users 
WHERE users.id = $1::UUID
INFO     sqlalchemy.engine.Engine:base.py:1848 [cached since 1.405s ago] (UUID('e0000000-0000-0000-0000-0000000000aa'),)
INFO     sqlalchemy.engine.Engine:base.py:1848 SELECT tenants.id, tenants.name, tenants.preferred_payment_method, tenants.payment_instructions, tenants.plan_id, tenants.current_exchange_rate, tenants.subscription_status, tenants.created_at, tenants.updated_at 
FROM tenants 
WHERE tenants.id = $1::UUID
INFO     sqlalchemy.engine.Engine:base.py:1848 [cached since 1.405s ago] (UUID('a0000000-0000-0000-0000-0000000000aa'),)
INFO     sqlalchemy.engine.Engine:base.py:1848 SELECT set_config('app.current_tenant', $1, false)
INFO     sqlalchemy.engine.Engine:base.py:1848 [cached since 1.411s ago] ('a0000000-0000-0000-0000-0000000000aa',)
INFO     sqlalchemy.engine.Engine:base.py:1848 SELECT sales.id, sales.tenant_id, sales.user_id, sales.exchange_rate_applied, sales.status, sales.total_usd, sales.seller_id, sales.commission_amount_usd, sales.created_at, sales.updated_at 
FROM sales 
WHERE sales.id = $1::UUID
INFO     sqlalchemy.engine.Engine:base.py:1848 [cached since 1.246s ago] (UUID('69d22531-4f74-4fb7-b728-4babfcb9ae43'),)
INFO     sqlalchemy.engine.Engine:base.py:1848 SELECT warehouses.id, warehouses.tenant_id, warehouses.name, warehouses.is_active, warehouses.created_at 
FROM warehouses 
WHERE warehouses.name = $1::VARCHAR
INFO     sqlalchemy.engine.Engine:base.py:1848 [cached since 1.246s ago] ('Almac�n Principal',)
INFO     sqlalchemy.engine.Engine:base.py:1848 SELECT sale_items.id, sale_items.tenant_id, sale_items.sale_id, sale_items.product_id, sale_items.quantity, sale_items.unit_cost_usd, sale_items.unit_price_usd, sale_items.created_at 
FROM sale_items 
WHERE sale_items.sale_id = $1::UUID
INFO     sqlalchemy.engine.Engine:base.py:1848 [cached since 1.245s ago] (UUID('69d22531-4f74-4fb7-b728-4babfcb9ae43'),)
INFO     sqlalchemy.engine.Engine:base.py:1848 SELECT inventory.id, inventory.tenant_id, inventory.product_id, inventory.warehouse_id, inventory.stock_available, inventory.stock_reserved, inventory.updated_at 
FROM inventory 
WHERE inventory.product_id = $1::UUID AND inventory.warehouse_id = $2::UUID
INFO     sqlalchemy.engine.Engine:base.py:1848 [cached since 1.245s ago] (UUID('c0000000-0000-0000-0000-000000000001'), UUID('f0000000-0000-0000-0000-0000000000aa'))
INFO     sqlalchemy.engine.Engine:base.py:2715 ROLLBACK
============================== warnings summary ===============================
app\core\config.py:8
  D:\aland\Documents\Proyectos\Nexus\backend\app\core\config.py:8: PydanticDeprecatedSince20: Support for class-based `config` is deprecated, use ConfigDict instead. Deprecated in Pydantic V2.0 to be removed in V3.0. See Pydantic V2 Migration Guide at https://errors.pydantic.dev/2.13/migration/
    class Settings(BaseSettings):

app\schemas\auth.py:11
  D:\aland\Documents\Proyectos\Nexus\backend\app\schemas\auth.py:11: PydanticDeprecatedSince20: Support for class-based `config` is deprecated, use ConfigDict instead. Deprecated in Pydantic V2.0 to be removed in V3.0. See Pydantic V2 Migration Guide at https://errors.pydantic.dev/2.13/migration/
    class UserResponse(BaseModel):

app\schemas\auth.py:31
  D:\aland\Documents\Proyectos\Nexus\backend\app\schemas\auth.py:31: PydanticDeprecatedSince20: Support for class-based `config` is deprecated, use ConfigDict instead. Deprecated in Pydantic V2.0 to be removed in V3.0. See Pydantic V2 Migration Guide at https://errors.pydantic.dev/2.13/migration/
    class TenantResponse(BaseModel):

app\schemas\inventory.py:12
  D:\aland\Documents\Proyectos\Nexus\backend\app\schemas\inventory.py:12: PydanticDeprecatedSince20: Support for class-based `config` is deprecated, use ConfigDict instead. Deprecated in Pydantic V2.0 to be removed in V3.0. See Pydantic V2 Migration Guide at https://errors.pydantic.dev/2.13/migration/
    class CategoryResponse(BaseModel):

app\schemas\inventory.py:44
  D:\aland\Documents\Proyectos\Nexus\backend\app\schemas\inventory.py:44: PydanticDeprecatedSince20: Support for class-based `config` is deprecated, use ConfigDict instead. Deprecated in Pydantic V2.0 to be removed in V3.0. See Pydantic V2 Migration Guide at https://errors.pydantic.dev/2.13/migration/
    class ProductResponse(BaseModel):

app\schemas\inventory.py:64
  D:\aland\Documents\Proyectos\Nexus\backend\app\schemas\inventory.py:64: PydanticDeprecatedSince20: Support for class-based `config` is deprecated, use ConfigDict instead. Deprecated in Pydantic V2.0 to be removed in V3.0. See Pydantic V2 Migration Guide at https://errors.pydantic.dev/2.13/migration/
    class InventoryResponse(BaseModel):

app\schemas\inventory.py:94
  D:\aland\Documents\Proyectos\Nexus\backend\app\schemas\inventory.py:94: PydanticDeprecatedSince20: Support for class-based `config` is deprecated, use ConfigDict instead. Deprecated in Pydantic V2.0 to be removed in V3.0. See Pydantic V2 Migration Guide at https://errors.pydantic.dev/2.13/migration/
    class ComboItemResponse(BaseModel):

app\schemas\inventory.py:106
  D:\aland\Documents\Proyectos\Nexus\backend\app\schemas\inventory.py:106: PydanticDeprecatedSince20: Support for class-based `config` is deprecated, use ConfigDict instead. Deprecated in Pydantic V2.0 to be removed in V3.0. See Pydantic V2 Migration Guide at https://errors.pydantic.dev/2.13/migration/
    class ComboResponse(BaseModel):

app\schemas\sales.py:13
  D:\aland\Documents\Proyectos\Nexus\backend\app\schemas\sales.py:13: PydanticDeprecatedSince20: Support for class-based `config` is deprecated, use ConfigDict instead. Deprecated in Pydantic V2.0 to be removed in V3.0. See Pydantic V2 Migration Guide at https://errors.pydantic.dev/2.13/migration/
    class SaleItemResponse(BaseModel):

app\schemas\sales.py:30
  D:\aland\Documents\Proyectos\Nexus\backend\app\schemas\sales.py:30: PydanticDeprecatedSince20: Support for class-based `config` is deprecated, use ConfigDict instead. Deprecated in Pydantic V2.0 to be removed in V3.0. See Pydantic V2 Migration Guide at https://errors.pydantic.dev/2.13/migration/
    class SalePaymentResponse(BaseModel):

app\schemas\sales.py:50
  D:\aland\Documents\Proyectos\Nexus\backend\app\schemas\sales.py:50: PydanticDeprecatedSince20: Support for class-based `config` is deprecated, use ConfigDict instead. Deprecated in Pydantic V2.0 to be removed in V3.0. See Pydantic V2 Migration Guide at https://errors.pydantic.dev/2.13/migration/
    class SaleResponse(BaseModel):

app/tests/test_sales.py::test_full_sale_lifecycle_and_commissions
app/tests/test_sales.py::test_full_sale_lifecycle_and_commissions
app/tests/test_sales.py::test_full_sale_lifecycle_and_commissions
app/tests/test_sales.py::test_full_sale_lifecycle_and_commissions
app/tests/test_sales.py::test_sale_refund_returns_inventory
app/tests/test_sales.py::test_sale_refund_returns_inventory
app/tests/test_sales.py::test_sale_refund_returns_inventory
app/tests/test_sales.py::test_sale_refund_returns_inventory
  D:\aland\Documents\Proyectos\Nexus\backend\.venv\Lib\site-packages\sqlalchemy\sql\schema.py:3623: DeprecationWarning: datetime.datetime.utcnow() is deprecated and scheduled for removal in a future version. Use timezone-aware objects to represent datetimes in UTC: datetime.datetime.now(datetime.UTC).
    return util.wrap_callable(lambda ctx: fn(), fn)  # type: ignore

-- Docs: https://docs.pytest.org/en/stable/how-to/capture-warnings.html
=========================== short test summary info ===========================
FAILED app/tests/test_sales.py::test_full_sale_lifecycle_and_commissions - Na...
FAILED app/tests/test_sales.py::test_sale_refund_returns_inventory - NameErro...
======================= 2 failed, 19 warnings in 3.22s ========================
